Testing login for: sidhaasamad@gmail.com
Status: 200
Response: {
  "id": 3,
  "firstName": "Sidha",
  "lastName": "samad",
  "email": "sidhaasamad@gmail.com",
  "mobile": "1234567890",
  "role": "auditor",
  "customRoleName": null,
  "createdAt": "2026-03-15T18:15:43.260Z",
  "updatedAt": "2026-03-15T21:15:11.004Z",
  "isActive": true,
  "creatorId": null,
  "trialStartDate": "2026-03-15T18:16:48.676Z",
  "trialEndDate": "2026-03-14T20:33:00.569Z",
  "subscriptionStatus": "expired",
  "subscriptionPlan": null,
  "stripeCustomerId": null
}
---
Testing login for: athulyadasofficial@gmail.com
Status: 401
Response: {
  "error": "Invalid credentials"
}
